\BOOKMARK [1][-]{Doc-Start}{\376\377\000L\000i\000s\000t\000a\000\040\000d\000e\000\040\000F\000i\000g\000u\000r\000a\000s}{}% 1
\BOOKMARK [1][-]{Doc-Start}{\376\377\000L\000i\000s\000t\000a\000\040\000d\000e\000\040\000T\000a\000b\000e\000l\000a\000s}{}% 2
\BOOKMARK [1][-]{section.1}{\376\377\000I\000n\000t\000r\000o\000d\000u\000\347\000\343\000o}{}% 3
\BOOKMARK [1][-]{section.2}{\376\377\000J\000u\000s\000t\000i\000f\000i\000c\000a\000t\000i\000v\000a}{}% 4
\BOOKMARK [1][-]{section.3}{\376\377\000O\000b\000j\000e\000t\000i\000v\000o\000s}{}% 5
\BOOKMARK [2][-]{subsection.3.1}{\376\377\000O\000b\000j\000e\000t\000i\000v\000o\000s\000\040\000E\000s\000p\000e\000c\000\355\000f\000i\000c\000o\000s}{section.3}% 6
\BOOKMARK [1][-]{section.4}{\376\377\000M\000e\000t\000o\000d\000o\000l\000o\000g\000i\000a}{}% 7
\BOOKMARK [2][-]{subsection.4.1}{\376\377\000F\000o\000n\000t\000e\000\040\000d\000e\000\040\000D\000a\000d\000o\000s\000\040\000e\000\040\000F\000e\000r\000r\000a\000m\000e\000n\000t\000a\000s}{section.4}% 8
\BOOKMARK [2][-]{subsection.4.2}{\376\377\000T\000r\000a\000t\000a\000m\000e\000n\000t\000o\000\040\000d\000o\000s\000\040\000D\000a\000d\000o\000s}{section.4}% 9
\BOOKMARK [2][-]{subsection.4.3}{\376\377\000P\000r\000\351\000-\000p\000r\000o\000c\000e\000s\000s\000a\000m\000e\000n\000t\000o\000\040\000e\000\040\000T\000r\000a\000t\000a\000m\000e\000n\000t\000o\000\040\000d\000o\000s\000\040\000D\000a\000d\000o\000s}{section.4}% 10
\BOOKMARK [2][-]{subsection.4.4}{\376\377\000E\000n\000g\000e\000n\000h\000a\000r\000i\000a\000\040\000d\000e\000\040\000A\000t\000r\000i\000b\000u\000t\000o\000s\000\040\000p\000a\000r\000a\000\040\000S\000o\000b\000r\000e\000v\000i\000v\000\352\000n\000c\000i\000a}{section.4}% 11
\BOOKMARK [2][-]{subsection.4.5}{\376\377\000M\000o\000d\000e\000l\000a\000g\000e\000m\000\040\000E\000s\000t\000a\000t\000\355\000s\000t\000i\000c\000a}{section.4}% 12
\BOOKMARK [3][-]{subsubsection.4.5.1}{\376\377\000M\000\351\000t\000o\000d\000o\000s\000\040\000N\000\343\000o\000-\000P\000a\000r\000a\000m\000\351\000t\000r\000i\000c\000o\000s}{subsection.4.5}% 13
\BOOKMARK [3][-]{subsubsection.4.5.2}{\376\377\000M\000\351\000t\000o\000d\000o\000s\000\040\000S\000e\000m\000i\000-\000P\000a\000r\000a\000m\000\351\000t\000r\000i\000c\000o\000s}{subsection.4.5}% 14
\BOOKMARK [2][-]{subsection.4.6}{\376\377\000A\000v\000a\000l\000i\000a\000\347\000\343\000o\000\040\000d\000o\000s\000\040\000M\000o\000d\000e\000l\000o\000s}{section.4}% 15
\BOOKMARK [1][-]{section.5}{\376\377\000R\000e\000s\000u\000l\000t\000a\000d\000o\000s}{}% 16
\BOOKMARK [2][-]{subsection.5.1}{\376\377\000A\000n\000\341\000l\000i\000s\000e\000\040\000E\000x\000p\000l\000o\000r\000a\000t\000\363\000r\000i\000a\000\040\000d\000e\000\040\000D\000a\000d\000o\000s\000\040\000\050\000A\000E\000D\000\051}{section.5}% 17
\BOOKMARK [3][-]{subsubsection.5.1.1}{\376\377\000E\000s\000t\000a\000t\000\355\000s\000t\000i\000c\000a\000s\000\040\000D\000e\000s\000c\000r\000i\000t\000i\000v\000a\000s}{subsection.5.1}% 18
\BOOKMARK [3][-]{subsubsection.5.1.2}{\376\377\000D\000i\000s\000t\000r\000i\000b\000u\000i\000\347\000\343\000o\000\040\000d\000a\000s\000\040\000V\000a\000r\000i\000\341\000v\000e\000i\000s\000\040\000C\000a\000t\000e\000g\000\363\000r\000i\000c\000a\000s}{subsection.5.1}% 19
\BOOKMARK [3][-]{subsubsection.5.1.3}{\376\377\000A\000n\000\341\000l\000i\000s\000e\000\040\000B\000i\000v\000a\000r\000i\000a\000d\000a\000\040\000v\000s\000.\000\040\000C\000h\000u\000r\000n}{subsection.5.1}% 20
\BOOKMARK [2][-]{subsection.5.2}{\376\377\000A\000n\000\341\000l\000i\000s\000e\000\040\000d\000e\000\040\000S\000o\000b\000r\000e\000v\000i\000v\000\352\000n\000c\000i\000a}{section.5}% 21
\BOOKMARK [3][-]{subsubsection.5.2.1}{\376\377\000A\000n\000\341\000l\000i\000s\000e\000\040\000E\000x\000p\000l\000o\000r\000a\000t\000\363\000r\000i\000a\000\040\000d\000a\000s\000\040\000V\000a\000r\000i\000\341\000v\000e\000i\000s\000\040\000d\000e\000\040\000S\000o\000b\000r\000e\000v\000i\000v\000\352\000n\000c\000i\000a}{subsection.5.2}% 22
\BOOKMARK [3][-]{subsubsection.5.2.2}{\376\377\000A\000n\000\341\000l\000i\000s\000e\000\040\000N\000\343\000o\000-\000P\000a\000r\000a\000m\000\351\000t\000r\000i\000c\000a\000:\000\040\000E\000s\000t\000i\000m\000a\000d\000o\000r\000\040\000d\000e\000\040\000K\000a\000p\000l\000a\000n\000-\000M\000e\000i\000e\000r}{subsection.5.2}% 23
\BOOKMARK [3][-]{subsubsection.5.2.3}{\376\377\000A\000n\000\341\000l\000i\000s\000e\000\040\000S\000e\000m\000i\000-\000P\000a\000r\000a\000m\000\351\000t\000r\000i\000c\000a\000:\000\040\000M\000o\000d\000e\000l\000o\000\040\000d\000e\000\040\000R\000i\000s\000c\000o\000s\000\040\000P\000r\000o\000p\000o\000r\000c\000i\000o\000n\000a\000i\000s\000\040\000d\000e\000\040\000C\000o\000x}{subsection.5.2}% 24
\BOOKMARK [1][-]{section.6}{\376\377\000C\000o\000n\000c\000l\000u\000s\000\343\000o}{}% 25
